Archive member included to satisfy reference by file (symbol)

/usr/lib/gcc/avr/5.4.0/avr5/libgcc.a(_exit.o)
                              /usr/lib/gcc/avr/5.4.0/../../../avr/lib/avr5/crtatmega32u4.o (exit)
/usr/lib/gcc/avr/5.4.0/avr5/libgcc.a(_copy_data.o)
                              obj/dkmain.o (__do_copy_data)
/usr/lib/gcc/avr/5.4.0/avr5/libgcc.a(_clear_bss.o)
                              obj/dkmain.o (__do_clear_bss)
/usr/lib/gcc/avr/5.4.0/../../../avr/lib/avr5/libc.a(memcpy_P.o)
                              obj/RNDISClassDevice.o (memcpy_P)
/usr/lib/gcc/avr/5.4.0/../../../avr/lib/avr5/libc.a(strlen_P.o)
                              obj/CDCClassDevice.o (__strlen_P)
/usr/lib/gcc/avr/5.4.0/../../../avr/lib/avr5/libc.a(memcmp.o)
                              obj/HIDClassDevice.o (memcmp)
/usr/lib/gcc/avr/5.4.0/../../../avr/lib/avr5/libc.a(memcpy.o)
                              obj/HIDClassDevice.o (memcpy)
/usr/lib/gcc/avr/5.4.0/../../../avr/lib/avr5/libc.a(memset.o)
                              obj/HIDClassDevice.o (memset)
/usr/lib/gcc/avr/5.4.0/../../../avr/lib/avr5/libc.a(sprintf.o)
                              obj/dkmain.o (sprintf)
/usr/lib/gcc/avr/5.4.0/../../../avr/lib/avr5/libc.a(vfprintf_std.o)
                              /usr/lib/gcc/avr/5.4.0/../../../avr/lib/avr5/libc.a(sprintf.o) (vfprintf)
/usr/lib/gcc/avr/5.4.0/../../../avr/lib/avr5/libc.a(strnlen_P.o)
                              /usr/lib/gcc/avr/5.4.0/../../../avr/lib/avr5/libc.a(vfprintf_std.o) (strnlen_P)
/usr/lib/gcc/avr/5.4.0/../../../avr/lib/avr5/libc.a(strnlen.o)
                              /usr/lib/gcc/avr/5.4.0/../../../avr/lib/avr5/libc.a(vfprintf_std.o) (strnlen)
/usr/lib/gcc/avr/5.4.0/../../../avr/lib/avr5/libc.a(fputc.o)
                              /usr/lib/gcc/avr/5.4.0/../../../avr/lib/avr5/libc.a(vfprintf_std.o) (fputc)
/usr/lib/gcc/avr/5.4.0/../../../avr/lib/avr5/libc.a(ultoa_invert.o)
                              /usr/lib/gcc/avr/5.4.0/../../../avr/lib/avr5/libc.a(vfprintf_std.o) (__ultoa_invert)
/usr/lib/gcc/avr/5.4.0/../../../avr/lib/avr5/libatmega32u4.a(eerd_byte.o)
                              obj/EndpointStream_AVR8.o (eeprom_read_byte)
/usr/lib/gcc/avr/5.4.0/../../../avr/lib/avr5/libatmega32u4.a(eeupd_byte.o)
                              obj/EndpointStream_AVR8.o (eeprom_update_byte)
/usr/lib/gcc/avr/5.4.0/avr5/libgcc.a(_prologue.o)
                              /usr/lib/gcc/avr/5.4.0/../../../avr/lib/avr5/libc.a(sprintf.o) (__prologue_saves__)
/usr/lib/gcc/avr/5.4.0/avr5/libgcc.a(_epilogue.o)
                              /usr/lib/gcc/avr/5.4.0/../../../avr/lib/avr5/libc.a(sprintf.o) (__epilogue_restores__)

Allocating common symbols
Common symbol       size              file

USB_IsInitialized   0x1               obj/USBTask.o
_counter            0x2               obj/dkmain.o
test_adc_value_y    0x8               obj/dkmain.o
ssd1306_addr        0x1               obj/dkmain.o
USB_DeviceState     0x1               obj/USBTask.o
USB_Device_ConfigurationNumber
                    0x1               obj/DeviceStandardReq.o
test_adc_value_x    0x8               obj/dkmain.o
USB_Device_CurrentlySelfPowered
                    0x1               obj/DeviceStandardReq.o
current_gear        0x1               obj/dkmain.o
yaxis_value         0x2               obj/dkmain.o
gear_string         0x4               obj/dkmain.o
USB_ControlRequest  0x8               obj/USBTask.o
reverse_gear        0x1               obj/dkmain.o
usb_connected       0x1               obj/dkmain.o
USB_Device_RemoteWakeupEnabled
                    0x1               obj/DeviceStandardReq.o
xaxis_value         0x2               obj/dkmain.o

Discarded input sections

 .data          0x0000000000000000        0x0 /usr/lib/gcc/avr/5.4.0/../../../avr/lib/avr5/crtatmega32u4.o
 .bss           0x0000000000000000        0x0 /usr/lib/gcc/avr/5.4.0/../../../avr/lib/avr5/crtatmega32u4.o
 .text          0x0000000000000000        0x0 obj/dkmain.o
 .text.gpio_init
                0x0000000000000000        0x4 obj/dkmain.o
 .text          0x0000000000000000        0x0 obj/descriptors.o
 .data          0x0000000000000000        0x0 obj/descriptors.o
 .bss           0x0000000000000000        0x0 obj/descriptors.o
 .text          0x0000000000000000        0x0 obj/HIDParser.o
 .data          0x0000000000000000        0x0 obj/HIDParser.o
 .bss           0x0000000000000000        0x0 obj/HIDParser.o
 .text.USB_ProcessHIDReport
                0x0000000000000000      0x6cc obj/HIDParser.o
 .text.USB_GetHIDReportItemInfo
                0x0000000000000000       0xbc obj/HIDParser.o
 .text.USB_SetHIDReportItemInfo
                0x0000000000000000       0xc0 obj/HIDParser.o
 .text.USB_GetHIDReportSize
                0x0000000000000000       0x56 obj/HIDParser.o
 .debug_info    0x0000000000000000      0x739 obj/HIDParser.o
 .debug_abbrev  0x0000000000000000      0x21a obj/HIDParser.o
 .debug_loc     0x0000000000000000      0xadb obj/HIDParser.o
[...]
Memory Configuration

Name             Origin             Length             Attributes
text             0x0000000000000000 0x0000000000008000 xr
data             0x0000000000800100 0x0000000000000a00 rw !x
eeprom           0x0000000000810000 0x0000000000000400 rw !x
fuse             0x0000000000820000 0x0000000000000003 rw !x
lock             0x0000000000830000 0x0000000000000400 rw !x
signature        0x0000000000840000 0x0000000000000400 rw !x
user_signatures  0x0000000000850000 0x0000000000000400 rw !x
*default*        0x0000000000000000 0xffffffffffffffff

Linker script and memory map

Address of section .data set to 0x800100
LOAD /usr/lib/gcc/avr/5.4.0/../../../avr/lib/avr5/crtatmega32u4.o
LOAD obj/dkmain.o
LOAD obj/descriptors.o
LOAD obj/HIDParser.o
LOAD obj/Device_AVR8.o
LOAD obj/EndpointStream_AVR8.o
LOAD obj/Endpoint_AVR8.o
LOAD obj/Host_AVR8.o
LOAD obj/PipeStream_AVR8.o
LOAD obj/Pipe_AVR8.o
LOAD obj/USBController_AVR8.o
LOAD obj/USBInterrupt_AVR8.o
LOAD obj/ConfigDescriptors.o
LOAD obj/DeviceStandardReq.o
LOAD obj/Events.o
LOAD obj/HostStandardReq.o
LOAD obj/USBTask.o
LOAD obj/AudioClassDevice.o
LOAD obj/CCIDClassDevice.o
LOAD obj/CDCClassDevice.o
LOAD obj/HIDClassDevice.o
LOAD obj/MassStorageClassDevice.o
LOAD obj/MIDIClassDevice.o
LOAD obj/PrinterClassDevice.o
LOAD obj/RNDISClassDevice.o
LOAD obj/AndroidAccessoryClassHost.o
LOAD obj/AudioClassHost.o
LOAD obj/CDCClassHost.o
LOAD obj/HIDClassHost.o
LOAD obj/MassStorageClassHost.o
LOAD obj/MIDIClassHost.o
LOAD obj/PrinterClassHost.o
LOAD obj/RNDISClassHost.o
LOAD obj/StillImageClassHost.o
LOAD obj/ssd1306.o
LOAD obj/twi.o
LOAD /usr/lib/gcc/avr/5.4.0/../../../avr/lib/avr5/libm.a
START GROUP
LOAD /usr/lib/gcc/avr/5.4.0/avr5/libgcc.a
LOAD /usr/lib/gcc/avr/5.4.0/../../../avr/lib/avr5/libm.a
LOAD /usr/lib/gcc/avr/5.4.0/../../../avr/lib/avr5/libc.a
LOAD /usr/lib/gcc/avr/5.4.0/../../../avr/lib/avr5/libatmega32u4.a
END GROUP
                0x0000000000000000                __TEXT_REGION_ORIGIN__ = DEFINED (__TEXT_REGION_ORIGIN__)?__TEXT_REGION_ORIGIN__:0x0
                [0x0000000000800100]                __DATA_REGION_ORIGIN__ = DEFINED (__DATA_REGION_ORIGIN__)?__DATA_REGION_ORIGIN__:0x800060
                [0x0000000000008000]                __TEXT_REGION_LENGTH__ = DEFINED (__TEXT_REGION_LENGTH__)?__TEXT_REGION_LENGTH__:0x20000
                [0x0000000000000a00]                __DATA_REGION_LENGTH__ = DEFINED (__DATA_REGION_LENGTH__)?__DATA_REGION_LENGTH__:0xffa0
                [0x0000000000000400]                __EEPROM_REGION_LENGTH__ = DEFINED (__EEPROM_REGION_LENGTH__)?__EEPROM_REGION_LENGTH__:0x10000
                [0x0000000000000003]                __FUSE_REGION_LENGTH__ = DEFINED (__FUSE_REGION_LENGTH__)?__FUSE_REGION_LENGTH__:0x400
                0x0000000000000400                __LOCK_REGION_LENGTH__ = DEFINED (__LOCK_REGION_LENGTH__)?__LOCK_REGION_LENGTH__:0x400
                0x0000000000000400                __SIGNATURE_REGION_LENGTH__ = DEFINED (__SIGNATURE_REGION_LENGTH__)?__SIGNATURE_REGION_LENGTH__:0x400
                0x0000000000000400                __USER_SIGNATURE_REGION_LENGTH__ = DEFINED (__USER_SIGNATURE_REGION_LENGTH__)?__USER_SIGNATURE_REGION_LENGTH__:0x400

.hash
 *(.hash)

.dynsym
 *(.dynsym)

.dynstr
 *(.dynstr)

.gnu.version
 *(.gnu.version)

.gnu.version_d
 *(.gnu.version_d)

.gnu.version_r
 *(.gnu.version_r)

.rel.init
 *(.rel.init)

.rela.init
 *(.rela.init)

.rel.text
 *(.rel.text)
 *(.rel.text.*)
 *(.rel.gnu.linkonce.t*)

.rela.text
 *(.rela.text)
 *(.rela.text.*)
 *(.rela.gnu.linkonce.t*)

.rel.fini
 *(.rel.fini)

.rela.fini
 *(.rela.fini)

.rel.rodata
 *(.rel.rodata)
 *(.rel.rodata.*)
 *(.rel.gnu.linkonce.r*)

.rela.rodata
 *(.rela.rodata)
 *(.rela.rodata.*)
 *(.rela.gnu.linkonce.r*)

.rel.data
 *(.rel.data)
 *(.rel.data.*)
 *(.rel.gnu.linkonce.d*)

.rela.data
 *(.rela.data)
 *(.rela.data.*)
 *(.rela.gnu.linkonce.d*)

.rel.ctors
 *(.rel.ctors)

.rela.ctors
 *(.rela.ctors)

.rel.dtors
 *(.rel.dtors)

.rela.dtors
 *(.rela.dtors)

.rel.got
 *(.rel.got)

.rela.got
 *(.rela.got)

.rel.bss
 *(.rel.bss)

.rela.bss
 *(.rela.bss)

.rel.plt
 *(.rel.plt)

.rela.plt
 *(.rela.plt)

.text           0x0000000000000000     0x20a6
 *(.vectors)
 .vectors       0x0000000000000000       0xac /usr/lib/gcc/avr/5.4.0/../../../avr/lib/avr5/crtatmega32u4.o
                0x0000000000000000                __vectors
                0x0000000000000000                __vector_default
 *(.vectors)
 *(.progmem.gcc*)
                0x00000000000000ac                . = ALIGN (0x2)
                0x00000000000000ac                __trampolines_start = .
 *(.trampolines)
 .trampolines   0x00000000000000ac        0x0 linker stubs
 *(.trampolines*)
                0x00000000000000ac                __trampolines_end = .
 *libprintf_flt.a:*(.progmem.data)
 *libc.a:*(.progmem.data)
 *(.progmem*)
 .progmem.data  0x00000000000000ac      0x1e0 obj/dkmain.o
 .progmem.data  0x000000000000028c       0xc0 obj/descriptors.o
                0x000000000000028c                ProductString
                0x00000000000002be                ManufacturerString
                0x00000000000002da                LanguageString
                0x00000000000002de                ConfigurationDescriptor
                0x0000000000000300                DeviceDescriptor
                0x0000000000000312                JoystickReport
 .progmem.data  0x000000000000034c      0x212 obj/ssd1306.o
                0x000000000000034c                INIT_SSD1306
                0x000000000000055e                . = ALIGN (0x2)
 *(.jumptables)
 *(.jumptables*)
 *(.lowtext)
 *(.lowtext*)
                0x000000000000055e                __ctors_start = .
 *(.ctors)
                0x000000000000055e                __ctors_end = .
                0x000000000000055e                __dtors_start = .
 *(.dtors)
                0x000000000000055e                __dtors_end = .
 SORT(*)(.ctors)
 SORT(*)(.dtors)
 *(.init0)
 .init0         0x000000000000055e        0x0 /usr/lib/gcc/avr/5.4.0/../../../avr/lib/avr5/crtatmega32u4.o
                0x000000000000055e                __init
 *(.init0)
 *(.init1)
 *(.init1)
 *(.init2)
 .init2         0x000000000000055e        0xc /usr/lib/gcc/avr/5.4.0/../../../avr/lib/avr5/crtatmega32u4.o
 *(.init2)
 *(.init3)
 *(.init3)
 *(.init4)
 .init4         0x000000000000056a       0x16 /usr/lib/gcc/avr/5.4.0/avr5/libgcc.a(_copy_data.o)
                0x000000000000056a                __do_copy_data
 .init4         0x0000000000000580       0x10 /usr/lib/gcc/avr/5.4.0/avr5/libgcc.a(_clear_bss.o)
                0x0000000000000580                __do_clear_bss
 *(.init4)
 *(.init5)
 *(.init5)
 *(.init6)
 *(.init6)
 *(.init7)
 *(.init7)
 *(.init8)
 *(.init8)
 *(.init9)
 .init9         0x0000000000000590        0x6 /usr/lib/gcc/avr/5.4.0/../../../avr/lib/avr5/crtatmega32u4.o
 *(.init9)
 *(.text)
 .text          0x0000000000000596        0x2 /usr/lib/gcc/avr/5.4.0/../../../avr/lib/avr5/crtatmega32u4.o
                0x0000000000000596                __vector_38
                0x0000000000000596                __vector_22
                0x0000000000000596                __vector_28
                0x0000000000000596                __vector_1
                0x0000000000000596                __vector_32
                0x0000000000000596                __vector_34
                0x0000000000000596                __vector_24
                0x0000000000000596                __vector_12
                0x0000000000000596                __bad_interrupt
                0x0000000000000596                __vector_6
                0x0000000000000596                __vector_31
                0x0000000000000596                __vector_35
                0x0000000000000596                __vector_39
                0x0000000000000596                __vector_3
                0x0000000000000596                __vector_23
                0x0000000000000596                __vector_30
                0x0000000000000596                __vector_25
                0x0000000000000596                __vector_11
                0x0000000000000596                __vector_13
                0x0000000000000596                __vector_17
                0x0000000000000596                __vector_19
                0x0000000000000596                __vector_7
                0x0000000000000596                __vector_41
                0x0000000000000596                __vector_27
                0x0000000000000596                __vector_5
                0x0000000000000596                __vector_33
                0x0000000000000596                __vector_37
                0x0000000000000596                __vector_4
                0x0000000000000596                __vector_9
                0x0000000000000596                __vector_2
                0x0000000000000596                __vector_21
                0x0000000000000596                __vector_15
                0x0000000000000596                __vector_36
                0x0000000000000596                __vector_29
                0x0000000000000596                __vector_40
                0x0000000000000596                __vector_8
                0x0000000000000596                __vector_26
                0x0000000000000596                __vector_14
                0x0000000000000596                __vector_16
                0x0000000000000596                __vector_18
                0x0000000000000596                __vector_20
                0x0000000000000596                __vector_42
                0x0000000000000598                . = ALIGN (0x2)
 *(.text.*)
 .text.display_ascii_font
                0x0000000000000598       0xd6 obj/dkmain.o
                0x0000000000000598                display_ascii_font
 .text.EVENT_USB_Device_Connect
                0x000000000000066e        0x8 obj/dkmain.o
                0x000000000000066e                EVENT_USB_Device_Connect
 .text.EVENT_USB_Device_Disconnect
                0x0000000000000676        0x6 obj/dkmain.o
                0x0000000000000676                EVENT_USB_Device_Disconnect
 .text.EVENT_USB_Device_ConfigurationChanged
                0x000000000000067c       0x12 obj/dkmain.o
                0x000000000000067c                EVENT_USB_Device_ConfigurationChanged
 .text.EVENT_USB_Device_ControlRequest
                0x000000000000068e        0x6 obj/dkmain.o
                0x000000000000068e                EVENT_USB_Device_ControlRequest
 .text.EVENT_USB_Device_StartOfFrame
                0x0000000000000694       0x18 obj/dkmain.o
                0x0000000000000694                EVENT_USB_Device_StartOfFrame
 .text.CALLBACK_HID_Device_CreateHIDReport
                0x00000000000006ac       0x2c obj/dkmain.o
                0x00000000000006ac                CALLBACK_HID_Device_CreateHIDReport
 .text.CALLBACK_HID_Device_ProcessHIDReport
                0x00000000000006d8        0x2 obj/dkmain.o
                0x00000000000006d8                CALLBACK_HID_Device_ProcessHIDReport
 .text.adc_init
                0x00000000000006da       0x24 obj/dkmain.o
                0x00000000000006da                adc_init
 .text.adc_read
                0x00000000000006fe       0x34 obj/dkmain.o
                0x00000000000006fe                adc_read
 .text.get_reverse_state
                0x0000000000000732       0x14 obj/dkmain.o
                0x0000000000000732                get_reverse_state
 .text.calulate_gear_position
                0x0000000000000746       0x5a obj/dkmain.o
                0x0000000000000746                calulate_gear_position
 .text.init_usb
                0x00000000000007a0       0x30 obj/dkmain.o
                0x00000000000007a0                init_usb
 .text.display_dbg_header
                0x00000000000007d0       0x28 obj/dkmain.o
                0x00000000000007d0                display_dbg_header
 .text.display_dbg_data
                0x00000000000007f8       0xf0 obj/dkmain.o
                0x00000000000007f8                display_dbg_data
 .text.startup.main
                0x00000000000008e8       0x9e obj/dkmain.o
                0x00000000000008e8                main
 .text.CALLBACK_USB_GetDescriptor
                0x0000000000000986       0x82 obj/descriptors.o
                0x0000000000000986                CALLBACK_USB_GetDescriptor
 .text.Endpoint_Write_Stream_LE
                0x0000000000000a08       0x94 obj/EndpointStream_AVR8.o
                0x0000000000000a08                Endpoint_Write_Stream_LE
 .text.Endpoint_Write_Control_Stream_LE
                0x0000000000000a9c       0xbc obj/EndpointStream_AVR8.o
                0x0000000000000a9c                Endpoint_Write_Control_Stream_LE
 .text.Endpoint_Read_Control_Stream_LE
                0x0000000000000b58       0x80 obj/EndpointStream_AVR8.o
                0x0000000000000b58                Endpoint_Read_Control_Stream_LE
 .text.Endpoint_Write_Control_PStream_LE
                0x0000000000000bd8       0xc2 obj/EndpointStream_AVR8.o
                0x0000000000000bd8                Endpoint_Write_Control_PStream_LE
 .text.Endpoint_ConfigureEndpoint_Prv
                0x0000000000000c9a       0x6a obj/Endpoint_AVR8.o
                0x0000000000000c9a                Endpoint_ConfigureEndpoint_Prv
 .text.Endpoint_ConfigureEndpointTable
                0x0000000000000d04       0x7a obj/Endpoint_AVR8.o
                0x0000000000000d04                Endpoint_ConfigureEndpointTable
 .text.Endpoint_ClearStatusStage
                0x0000000000000d7e       0x3e obj/Endpoint_AVR8.o
                0x0000000000000d7e                Endpoint_ClearStatusStage
 .text.Endpoint_WaitUntilReady
                0x0000000000000dbc       0x66 obj/Endpoint_AVR8.o
                0x0000000000000dbc                Endpoint_WaitUntilReady
 .text.USB_ResetInterface
                0x0000000000000e22       0x80 obj/USBController_AVR8.o
                0x0000000000000e22                USB_ResetInterface
 .text.USB_Init
                0x0000000000000ea2       0x20 obj/USBController_AVR8.o
                0x0000000000000ea2                USB_Init
 .text.USB_INT_DisableAllInterrupts
                0x0000000000000ec2       0x10 obj/USBInterrupt_AVR8.o
                0x0000000000000ec2                USB_INT_DisableAllInterrupts
 .text.USB_INT_ClearAllInterrupts
                0x0000000000000ed2        0xa obj/USBInterrupt_AVR8.o
                0x0000000000000ed2                USB_INT_ClearAllInterrupts
 .text.__vector_10
                0x0000000000000edc      0x18c obj/USBInterrupt_AVR8.o
                0x0000000000000edc                __vector_10
 .text.USB_Device_ProcessControlRequest
                0x0000000000001068      0x2c2 obj/DeviceStandardReq.o
                0x0000000000001068                USB_Device_ProcessControlRequest
 .text.USB_Event_Stub
                0x000000000000132a        0x2 obj/Events.o
                0x000000000000132a                EVENT_USB_Device_WakeUp
                0x000000000000132a                USB_Event_Stub
                0x000000000000132a                EVENT_USB_Device_Suspend
                0x000000000000132a                EVENT_USB_Device_Reset
 .text.USB_USBTask
                0x000000000000132c       0x34 obj/USBTask.o
                0x000000000000132c                USB_USBTask
 .text.HID_Device_ProcessControlRequest
                0x0000000000001360      0x266 obj/HIDClassDevice.o
                0x0000000000001360                HID_Device_ProcessControlRequest
 .text.HID_Device_ConfigureEndpoints
                0x00000000000015c6       0x26 obj/HIDClassDevice.o
                0x00000000000015c6                HID_Device_ConfigureEndpoints
 .text.HID_Device_USBTask
                0x00000000000015ec      0x172 obj/HIDClassDevice.o
                0x00000000000015ec                HID_Device_USBTask
 .text.SSD1306_Send_StartAndSLAW
                0x000000000000175e       0x14 obj/ssd1306.o
                0x000000000000175e                SSD1306_Send_StartAndSLAW
 .text.SSD1306_Send_Command
                0x0000000000001772       0x16 obj/ssd1306.o
                0x0000000000001772                SSD1306_Send_Command
 .text.SSD1306_Init
                0x0000000000001788       0x60 obj/ssd1306.o
                0x0000000000001788                SSD1306_Init
 .text.SSD1306_UpdateScreen
                0x00000000000017e8       0x30 obj/ssd1306.o
                0x00000000000017e8                SSD1306_UpdateScreen
 .text.SSD1306_ClearScreen
                0x0000000000001818       0x16 obj/ssd1306.o
                0x0000000000001818                SSD1306_ClearScreen
 .text.SSD1306_SetPosition
                0x000000000000182e       0x16 obj/ssd1306.o
                0x000000000000182e                SSD1306_SetPosition
 .text.SSD1306_UpdatePosition
                0x0000000000001844       0x48 obj/ssd1306.o
                0x0000000000001844                SSD1306_UpdatePosition
 .text.SSD1306_DrawChar
                0x000000000000188c       0x52 obj/ssd1306.o
                0x000000000000188c                SSD1306_DrawChar
 .text.SSD1306_DrawString
                0x00000000000018de       0x16 obj/ssd1306.o
                0x00000000000018de                SSD1306_DrawString
 .text.SSD1306_DrawPixel
                0x00000000000018f4       0x54 obj/ssd1306.o
                0x00000000000018f4                SSD1306_DrawPixel
 .text.SSD1306_DrawLine
                0x0000000000001948       0xc8 obj/ssd1306.o
                0x0000000000001948                SSD1306_DrawLine
 .text.TWI_Init
                0x0000000000001a10       0x16 obj/twi.o
                0x0000000000001a10                TWI_Init
 .text.TWI_MT_Start
                0x0000000000001a26       0x38 obj/twi.o
                0x0000000000001a26                TWI_MT_Start
 .text.TWI_MT_Send_SLAW
                0x0000000000001a5e       0x2a obj/twi.o
                0x0000000000001a5e                TWI_MT_Send_SLAW
 .text.TWI_MT_Send_Data
                0x0000000000001a88       0x28 obj/twi.o
                0x0000000000001a88                TWI_MT_Send_Data
 .text.TWI_Stop
                0x0000000000001ab0        0x8 obj/twi.o
                0x0000000000001ab0                TWI_Stop
 .text.avr-libc
                0x0000000000001ab8       0x1a /usr/lib/gcc/avr/5.4.0/../../../avr/lib/avr5/libc.a(memcmp.o)
                0x0000000000001ab8                memcmp
 .text.avr-libc
                0x0000000000001ad2       0x12 /usr/lib/gcc/avr/5.4.0/../../../avr/lib/avr5/libc.a(memcpy.o)
                0x0000000000001ad2                memcpy
 .text.avr-libc
                0x0000000000001ae4        0xe /usr/lib/gcc/avr/5.4.0/../../../avr/lib/avr5/libc.a(memset.o)
                0x0000000000001ae4                memset
 .text.avr-libc
                0x0000000000001af2       0x3e /usr/lib/gcc/avr/5.4.0/../../../avr/lib/avr5/libc.a(sprintf.o)
                0x0000000000001af2                sprintf
 .text.avr-libc
                0x0000000000001b30      0x3a4 /usr/lib/gcc/avr/5.4.0/../../../avr/lib/avr5/libc.a(vfprintf_std.o)
                0x0000000000001b30                vfprintf
 .text.avr-libc
                0x0000000000001ed4       0x16 /usr/lib/gcc/avr/5.4.0/../../../avr/lib/avr5/libc.a(strnlen_P.o)
                0x0000000000001ed4                strnlen_P
 .text.avr-libc
                0x0000000000001eea       0x16 /usr/lib/gcc/avr/5.4.0/../../../avr/lib/avr5/libc.a(strnlen.o)
                0x0000000000001eea                strnlen
 .text.avr-libc
                0x0000000000001f00       0x78 /usr/lib/gcc/avr/5.4.0/../../../avr/lib/avr5/libc.a(fputc.o)
                0x0000000000001f00                fputc
 .text.avr-libc
                0x0000000000001f78       0xbc /usr/lib/gcc/avr/5.4.0/../../../avr/lib/avr5/libc.a(ultoa_invert.o)
                0x0000000000001f78                __ultoa_invert
 .text.libgcc.prologue
                0x0000000000002034       0x38 /usr/lib/gcc/avr/5.4.0/avr5/libgcc.a(_prologue.o)
                0x0000000000002034                __prologue_saves__
 .text.libgcc.prologue
                0x000000000000206c       0x36 /usr/lib/gcc/avr/5.4.0/avr5/libgcc.a(_epilogue.o)
                0x000000000000206c                __epilogue_restores__
                0x00000000000020a2                . = ALIGN (0x2)
 *(.fini9)
 .fini9         0x00000000000020a2        0x0 /usr/lib/gcc/avr/5.4.0/avr5/libgcc.a(_exit.o)
                0x00000000000020a2                exit
                0x00000000000020a2                _exit
 *(.fini9)
 *(.fini8)
 *(.fini8)
 *(.fini7)
 *(.fini7)
 *(.fini6)
 *(.fini6)
 *(.fini5)
 *(.fini5)
 *(.fini4)
 *(.fini4)
 *(.fini3)
 *(.fini3)
 *(.fini2)
 *(.fini2)
 *(.fini1)
 *(.fini1)
 *(.fini0)
 .fini0         0x00000000000020a2        0x4 /usr/lib/gcc/avr/5.4.0/avr5/libgcc.a(_exit.o)
 *(.fini0)
                0x00000000000020a6                _etext = .

.data           0x0000000000800100       0x58 load address 0x00000000000020a6
                0x0000000000800100                PROVIDE (__data_start, .)
 *(.data)
 .data          0x0000000000800100       0x10 obj/dkmain.o
                0x0000000000800100                Joystick_HID_Interface
 *(.data*)
 *(.gnu.linkonce.d*)
 *(.rodata)
 *(.rodata*)
 .rodata.str1.1
                0x0000000000800110       0x48 obj/dkmain.o
 *(.gnu.linkonce.r*)
                0x0000000000800158                . = ALIGN (0x2)
                0x0000000000800158                _edata = .
                0x0000000000800158                PROVIDE (__data_end, .)

.bss            0x0000000000800158      0x42f
                0x0000000000800158                PROVIDE (__bss_start, .)
 *(.bss)
 .bss           0x0000000000800158        0x4 obj/dkmain.o
 .bss           0x000000000080015c      0x400 obj/ssd1306.o
 *(.bss*)
 *(COMMON)
 COMMON         0x000000000080055c       0x1e obj/dkmain.o
                0x000000000080055c                _counter
                0x000000000080055e                test_adc_value_y
                0x0000000000800566                ssd1306_addr
                0x0000000000800567                test_adc_value_x
                0x000000000080056f                current_gear
                0x0000000000800570                yaxis_value
                0x0000000000800572                gear_string
                0x0000000000800576                reverse_gear
                0x0000000000800577                usb_connected
                0x0000000000800578                xaxis_value
 COMMON         0x000000000080057a        0x3 obj/DeviceStandardReq.o
                0x000000000080057a                USB_Device_ConfigurationNumber
                0x000000000080057b                USB_Device_CurrentlySelfPowered
                0x000000000080057c                USB_Device_RemoteWakeupEnabled
 COMMON         0x000000000080057d        0xa obj/USBTask.o
                0x000000000080057d                USB_IsInitialized
                0x000000000080057e                USB_DeviceState
                0x000000000080057f                USB_ControlRequest
                0x0000000000800587                PROVIDE (__bss_end, .)
                0x00000000000020a6                __data_load_start = LOADADDR (.data)
                0x00000000000020fe                __data_load_end = (__data_load_start + SIZEOF (.data))

.noinit         0x0000000000800587        0x0
                [!provide]                        PROVIDE (__noinit_start, .)
 *(.noinit*)
                [!provide]                        PROVIDE (__noinit_end, .)
                0x0000000000800587                _end = .
                [!provide]                        PROVIDE (__heap_start, .)

.eeprom         0x0000000000810000        0x0
 *(.eeprom*)
                0x0000000000810000                __eeprom_end = .

.fuse
 *(.fuse)
 *(.lfuse)
 *(.hfuse)
 *(.efuse)

.lock
 *(.lock*)

.signature
 *(.signature*)

.user_signatures
 *(.user_signatures*)

.stab
 *(.stab)

.stabstr
 *(.stabstr)

.stab.excl
 *(.stab.excl)

.stab.exclstr
 *(.stab.exclstr)

.stab.index
 *(.stab.index)

.stab.indexstr
 *(.stab.indexstr)

.comment        0x0000000000000000       0x11
 *(.comment)
 .comment       0x0000000000000000       0x11 obj/dkmain.o
                                         0x12 (size before relaxing)
 .comment       0x0000000000000011       0x12 obj/descriptors.o
 .comment       0x0000000000000011       0x12 obj/EndpointStream_AVR8.o
 .comment       0x0000000000000011       0x12 obj/Endpoint_AVR8.o
 .comment       0x0000000000000011       0x12 obj/USBController_AVR8.o
 .comment       0x0000000000000011       0x12 obj/USBInterrupt_AVR8.o
 .comment       0x0000000000000011       0x12 obj/DeviceStandardReq.o
 .comment       0x0000000000000011       0x12 obj/Events.o
 .comment       0x0000000000000011       0x12 obj/USBTask.o
 .comment       0x0000000000000011       0x12 obj/HIDClassDevice.o
 .comment       0x0000000000000011       0x12 obj/ssd1306.o
 .comment       0x0000000000000011       0x12 obj/twi.o
 .comment       0x0000000000000011       0x12 /usr/lib/gcc/avr/5.4.0/../../../avr/lib/avr5/libc.a(sprintf.o)
 .comment       0x0000000000000011       0x12 /usr/lib/gcc/avr/5.4.0/../../../avr/lib/avr5/libc.a(vfprintf_std.o)
 .comment       0x0000000000000011       0x12 /usr/lib/gcc/avr/5.4.0/../../../avr/lib/avr5/libc.a(fputc.o)

.note.gnu.avr.deviceinfo
                0x0000000000000000       0x40
 .note.gnu.avr.deviceinfo
                0x0000000000000000       0x40 /usr/lib/gcc/avr/5.4.0/../../../avr/lib/avr5/crtatmega32u4.o

.note.gnu.build-id
 *(.note.gnu.build-id)

.debug
 *(.debug)

.line
 *(.line)

.debug_srcinfo
 *(.debug_srcinfo)

.debug_sfnames
 *(.debug_sfnames)

.debug_aranges  0x0000000000000000      0x390
 *(.debug_aranges)
 .debug_aranges
                0x0000000000000000       0xa0 obj/dkmain.o
 .debug_aranges
                0x00000000000000a0       0x20 obj/descriptors.o
 .debug_aranges
                0x00000000000000c0       0xc8 obj/EndpointStream_AVR8.o
 .debug_aranges
                0x0000000000000188       0x40 obj/Endpoint_AVR8.o
 .debug_aranges
                0x00000000000001c8       0x30 obj/USBController_AVR8.o
 .debug_aranges
                0x00000000000001f8       0x30 obj/USBInterrupt_AVR8.o
 .debug_aranges
                0x0000000000000228       0x20 obj/DeviceStandardReq.o
 .debug_aranges
                0x0000000000000248       0x30 obj/Events.o
 .debug_aranges
                0x0000000000000278       0x20 obj/USBTask.o
 .debug_aranges
                0x0000000000000298       0x30 obj/HIDClassDevice.o
 .debug_aranges
                0x00000000000002c8       0x80 obj/ssd1306.o
 .debug_aranges
                0x0000000000000348       0x48 obj/twi.o

.debug_pubnames
 *(.debug_pubnames)

.debug_info     0x0000000000000000     0x6718
 *(.debug_info .gnu.linkonce.wi.*)
 .debug_info    0x0000000000000000      0x9f4 /usr/lib/gcc/avr/5.4.0/../../../avr/lib/avr5/crtatmega32u4.o
 .debug_info    0x00000000000009f4      0xd31 obj/dkmain.o
 .debug_info    0x0000000000001725      0x6f4 obj/descriptors.o
 .debug_info    0x0000000000001e19     0x181d obj/EndpointStream_AVR8.o
 .debug_info    0x0000000000003636      0x620 obj/Endpoint_AVR8.o
 .debug_info    0x0000000000003c56      0x4e7 obj/USBController_AVR8.o
 .debug_info    0x000000000000413d      0x687 obj/USBInterrupt_AVR8.o
 .debug_info    0x00000000000047c4      0xa41 obj/DeviceStandardReq.o
 .debug_info    0x0000000000005205       0xde obj/Events.o
 .debug_info    0x00000000000052e3      0x272 obj/USBTask.o
 .debug_info    0x0000000000005555      0x913 obj/HIDClassDevice.o
 .debug_info    0x0000000000005e68      0x76c obj/ssd1306.o
 .debug_info    0x00000000000065d4      0x144 obj/twi.o

.debug_abbrev   0x0000000000000000     0x1f26
 *(.debug_abbrev)
 .debug_abbrev  0x0000000000000000      0x96a /usr/lib/gcc/avr/5.4.0/../../../avr/lib/avr5/crtatmega32u4.o
 .debug_abbrev  0x000000000000096a      0x3b6 obj/dkmain.o
 .debug_abbrev  0x0000000000000d20      0x173 obj/descriptors.o
 .debug_abbrev  0x0000000000000e93      0x1ea obj/EndpointStream_AVR8.o
 .debug_abbrev  0x000000000000107d      0x226 obj/Endpoint_AVR8.o
 .debug_abbrev  0x00000000000012a3      0x191 obj/USBController_AVR8.o
 .debug_abbrev  0x0000000000001434      0x1b4 obj/USBInterrupt_AVR8.o
 .debug_abbrev  0x00000000000015e8      0x29c obj/DeviceStandardReq.o
 .debug_abbrev  0x0000000000001884       0x99 obj/Events.o
 .debug_abbrev  0x000000000000191d      0x16b obj/USBTask.o
 .debug_abbrev  0x0000000000001a88      0x221 obj/HIDClassDevice.o
 .debug_abbrev  0x0000000000001ca9      0x1e7 obj/ssd1306.o
 .debug_abbrev  0x0000000000001e90       0x96 obj/twi.o

.debug_line     0x0000000000000000     0x3acd
 *(.debug_line .debug_line.* .debug_line_end)
 .debug_line    0x0000000000000000       0x1a /usr/lib/gcc/avr/5.4.0/../../../avr/lib/avr5/crtatmega32u4.o
 .debug_line    0x000000000000001a      0x709 obj/dkmain.o
 .debug_line    0x0000000000000723      0x20e obj/descriptors.o
 .debug_line    0x0000000000000931     0x143e obj/EndpointStream_AVR8.o
 .debug_line    0x0000000000001d6f      0x4b7 obj/Endpoint_AVR8.o
 .debug_line    0x0000000000002226      0x311 obj/USBController_AVR8.o
 .debug_line    0x0000000000002537      0x491 obj/USBInterrupt_AVR8.o
 .debug_line    0x00000000000029c8      0x495 obj/DeviceStandardReq.o
 .debug_line    0x0000000000002e5d       0xa1 obj/Events.o
 .debug_line    0x0000000000002efe      0x17e obj/USBTask.o
 .debug_line    0x000000000000307c      0x51d obj/HIDClassDevice.o
 .debug_line    0x0000000000003599      0x3ac obj/ssd1306.o
 .debug_line    0x0000000000003945      0x188 obj/twi.o

.debug_frame    0x0000000000000000      0xa60
 *(.debug_frame)
 .debug_frame   0x0000000000000000      0x1b4 obj/dkmain.o
 .debug_frame   0x00000000000001b4       0x24 obj/descriptors.o
 .debug_frame   0x00000000000001d8      0x3bc obj/EndpointStream_AVR8.o
 .debug_frame   0x0000000000000594       0x78 obj/Endpoint_AVR8.o
 .debug_frame   0x000000000000060c       0x58 obj/USBController_AVR8.o
 .debug_frame   0x0000000000000664       0x8c obj/USBInterrupt_AVR8.o
 .debug_frame   0x00000000000006f0       0x3c obj/DeviceStandardReq.o
 .debug_frame   0x000000000000072c       0x44 obj/Events.o
 .debug_frame   0x0000000000000770       0x2c obj/USBTask.o
 .debug_frame   0x000000000000079c       0xe4 obj/HIDClassDevice.o
 .debug_frame   0x0000000000000880      0x16c obj/ssd1306.o
 .debug_frame   0x00000000000009ec       0x74 obj/twi.o

.debug_str      0x0000000000000000     0x272a
 *(.debug_str)
 .debug_str     0x0000000000000000      0x371 /usr/lib/gcc/avr/5.4.0/../../../avr/lib/avr5/crtatmega32u4.o
 .debug_str     0x0000000000000371      0x81a obj/dkmain.o
                                        0x899 (size before relaxing)
 .debug_str     0x0000000000000b8b      0x6d1 obj/descriptors.o
                                        0x908 (size before relaxing)
 .debug_str     0x000000000000125c      0x68b obj/EndpointStream_AVR8.o
                                        0x873 (size before relaxing)
 .debug_str     0x00000000000018e7      0x2e4 obj/Endpoint_AVR8.o
                                        0x627 (size before relaxing)
 .debug_str     0x0000000000001bcb      0x219 obj/USBController_AVR8.o
                                        0x566 (size before relaxing)
 .debug_str     0x0000000000001de4      0x122 obj/USBInterrupt_AVR8.o
                                        0x53b (size before relaxing)
 .debug_str     0x0000000000001f06      0x44d obj/DeviceStandardReq.o
                                        0x9b6 (size before relaxing)
 .debug_str     0x0000000000002353       0x64 obj/Events.o
                                        0x1d5 (size before relaxing)
 .debug_str     0x00000000000023b7       0x6c obj/USBTask.o
                                        0x38c (size before relaxing)
 .debug_str     0x0000000000002423      0x171 obj/HIDClassDevice.o
                                        0x70c (size before relaxing)
 .debug_str     0x0000000000002594      0x170 obj/ssd1306.o
                                        0x3b3 (size before relaxing)
 .debug_str     0x0000000000002704       0x26 obj/twi.o
                                        0x1ea (size before relaxing)

.debug_loc      0x0000000000000000     0x4109
 *(.debug_loc)
 .debug_loc     0x0000000000000000      0x565 obj/dkmain.o
 .debug_loc     0x0000000000000565      0x24b obj/descriptors.o
 .debug_loc     0x00000000000007b0     0x1f65 obj/EndpointStream_AVR8.o
 .debug_loc     0x0000000000002715      0x38d obj/Endpoint_AVR8.o
 .debug_loc     0x0000000000002aa2       0xd5 obj/USBController_AVR8.o
 .debug_loc     0x0000000000002b77      0x2ab obj/USBInterrupt_AVR8.o
 .debug_loc     0x0000000000002e22      0x2f6 obj/DeviceStandardReq.o
 .debug_loc     0x0000000000003118       0x49 obj/USBTask.o
 .debug_loc     0x0000000000003161      0x43e obj/HIDClassDevice.o
 .debug_loc     0x000000000000359f      0xafb obj/ssd1306.o
 .debug_loc     0x000000000000409a       0x6f obj/twi.o

.debug_macinfo
 *(.debug_macinfo)

.debug_weaknames
 *(.debug_weaknames)

.debug_funcnames
 *(.debug_funcnames)

.debug_typenames
 *(.debug_typenames)

.debug_varnames
 *(.debug_varnames)

.debug_pubtypes
 *(.debug_pubtypes)

.debug_ranges   0x0000000000000000      0x4a0
 *(.debug_ranges)
 .debug_ranges  0x0000000000000000       0xa8 obj/dkmain.o
 .debug_ranges  0x00000000000000a8       0x28 obj/descriptors.o
 .debug_ranges  0x00000000000000d0      0x1f8 obj/EndpointStream_AVR8.o
 .debug_ranges  0x00000000000002c8       0x78 obj/Endpoint_AVR8.o
 .debug_ranges  0x0000000000000340       0x20 obj/USBController_AVR8.o
 .debug_ranges  0x0000000000000360       0x20 obj/USBInterrupt_AVR8.o
 .debug_ranges  0x0000000000000380       0x28 obj/DeviceStandardReq.o
 .debug_ranges  0x00000000000003a8       0x20 obj/Events.o
 .debug_ranges  0x00000000000003c8       0x10 obj/USBTask.o
 .debug_ranges  0x00000000000003d8       0x20 obj/HIDClassDevice.o
 .debug_ranges  0x00000000000003f8       0x70 obj/ssd1306.o
 .debug_ranges  0x0000000000000468       0x38 obj/twi.o

.debug_macro
 *(.debug_macro)
OUTPUT(dkmain.elf elf32-avr)
LOAD linker stubs

Cross Reference Table

Symbol                                            File
Audio_Device_ConfigureEndpoints                   obj/AudioClassDevice.o
Audio_Device_Event_Stub                           obj/AudioClassDevice.o
Audio_Device_ProcessControlRequest                obj/AudioClassDevice.o
CALLBACK_Audio_Device_GetSetEndpointProperty      obj/AudioClassDevice.o
CALLBACK_Audio_Device_GetSetInterfaceProperty     obj/AudioClassDevice.o
CALLBACK_CCID_Abort                               obj/CCIDClassDevice.o
CALLBACK_CCID_GetParameters_T0                    obj/CCIDClassDevice.o
CALLBACK_CCID_GetSlotStatus                       obj/CCIDClassDevice.o
CALLBACK_CCID_IccPowerOff                         obj/CCIDClassDevice.o
CALLBACK_CCID_IccPowerOn                          obj/CCIDClassDevice.o
CALLBACK_CCID_SetParameters_T0                    obj/CCIDClassDevice.o
CALLBACK_CCID_XfrBlock                            obj/CCIDClassDevice.o
CALLBACK_HIDParser_FilterHIDReportItem            obj/HIDParser.o
CALLBACK_HID_Device_CreateHIDReport               obj/dkmain.o
                                                  obj/HIDClassDevice.o
CALLBACK_HID_Device_ProcessHIDReport              obj/dkmain.o
                                                  obj/HIDClassDevice.o
CALLBACK_MS_Device_SCSICommandReceived            obj/MassStorageClassDevice.o
CALLBACK_USB_GetDescriptor                        obj/descriptors.o
                                                  obj/DeviceStandardReq.o
CCID_CheckStatusNoError                           obj/CCIDClassDevice.o
CCID_Device_ConfigureEndpoints                    obj/CCIDClassDevice.o
CCID_Device_ProcessControlRequest                 obj/CCIDClassDevice.o
CCID_Device_USBTask                               obj/CCIDClassDevice.o
CDC_Device_BytesReceived                          obj/CDCClassDevice.o
CDC_Device_ConfigureEndpoints                     obj/CDCClassDevice.o
CDC_Device_CreateBlockingStream                   obj/CDCClassDevice.o
CDC_Device_CreateStream                           obj/CDCClassDevice.o
CDC_Device_Event_Stub                             obj/CDCClassDevice.o
CDC_Device_Event_Stub_2                           obj/CDCClassDevice.o
CDC_Device_Flush                                  obj/CDCClassDevice.o
CDC_Device_ProcessControlRequest                  obj/CDCClassDevice.o
CDC_Device_ReceiveByte                            obj/CDCClassDevice.o
CDC_Device_SendByte                               obj/CDCClassDevice.o
CDC_Device_SendControlLineStateChange             obj/CDCClassDevice.o
CDC_Device_SendData                               obj/CDCClassDevice.o
CDC_Device_SendData_P                             obj/CDCClassDevice.o
CDC_Device_SendString                             obj/CDCClassDevice.o
CDC_Device_SendString_P                           obj/CDCClassDevice.o
CDC_Device_USBTask                                obj/CDCClassDevice.o
ConfigurationDescriptor                           obj/descriptors.o
DeviceDescriptor                                  obj/descriptors.o
EVENT_Audio_Device_StreamStartStop                obj/AudioClassDevice.o
EVENT_CDC_Device_BreakSent                        obj/CDCClassDevice.o
EVENT_CDC_Device_ControLineStateChanged           obj/CDCClassDevice.o
EVENT_CDC_Device_LineEncodingChanged              obj/CDCClassDevice.o
EVENT_PRNT_Device_SoftReset                       obj/PrinterClassDevice.o
EVENT_USB_Device_ConfigurationChanged             obj/dkmain.o
                                                  obj/DeviceStandardReq.o
EVENT_USB_Device_Connect                          obj/dkmain.o
                                                  obj/USBInterrupt_AVR8.o
EVENT_USB_Device_ControlRequest                   obj/dkmain.o
                                                  obj/DeviceStandardReq.o
EVENT_USB_Device_Disconnect                       obj/dkmain.o
                                                  obj/USBInterrupt_AVR8.o
EVENT_USB_Device_Reset                            obj/Events.o
                                                  obj/USBInterrupt_AVR8.o
EVENT_USB_Device_StartOfFrame                     obj/dkmain.o
                                                  obj/USBInterrupt_AVR8.o
EVENT_USB_Device_Suspend                          obj/Events.o
                                                  obj/USBInterrupt_AVR8.o
EVENT_USB_Device_WakeUp                           obj/Events.o
                                                  obj/USBInterrupt_AVR8.o
Endpoint_ClearEndpoints                           obj/Endpoint_AVR8.o
Endpoint_ClearStatusStage                         obj/Endpoint_AVR8.o
                                                  obj/PrinterClassDevice.o
                                                  obj/MassStorageClassDevice.o
                                                  obj/HIDClassDevice.o
                                                  obj/CDCClassDevice.o
                                                  obj/AudioClassDevice.o
                                                  obj/DeviceStandardReq.o
Endpoint_ConfigureEndpointTable                   obj/Endpoint_AVR8.o
                                                  obj/RNDISClassDevice.o
                                                  obj/PrinterClassDevice.o
                                                  obj/MIDIClassDevice.o
                                                  obj/MassStorageClassDevice.o
                                                  obj/HIDClassDevice.o
                                                  obj/CDCClassDevice.o
                                                  obj/CCIDClassDevice.o
                                                  obj/AudioClassDevice.o
Endpoint_ConfigureEndpoint_Prv                    obj/Endpoint_AVR8.o
                                                  obj/USBInterrupt_AVR8.o
                                                  obj/USBController_AVR8.o
Endpoint_Discard_Stream                           obj/EndpointStream_AVR8.o
Endpoint_Null_Stream                              obj/EndpointStream_AVR8.o
Endpoint_Read_Control_EStream_BE                  obj/EndpointStream_AVR8.o
Endpoint_Read_Control_EStream_LE                  obj/EndpointStream_AVR8.o
Endpoint_Read_Control_Stream_BE                   obj/EndpointStream_AVR8.o
Endpoint_Read_Control_Stream_LE                   obj/EndpointStream_AVR8.o
                                                  obj/RNDISClassDevice.o
                                                  obj/HIDClassDevice.o
                                                  obj/AudioClassDevice.o
Endpoint_Read_EStream_BE                          obj/EndpointStream_AVR8.o
Endpoint_Read_EStream_LE                          obj/EndpointStream_AVR8.o
Endpoint_Read_Stream_BE                           obj/EndpointStream_AVR8.o
Endpoint_Read_Stream_LE                           obj/EndpointStream_AVR8.o
                                                  obj/RNDISClassDevice.o
                                                  obj/MIDIClassDevice.o
                                                  obj/MassStorageClassDevice.o
                                                  obj/CCIDClassDevice.o
Endpoint_WaitUntilReady                           obj/Endpoint_AVR8.o
                                                  obj/RNDISClassDevice.o
                                                  obj/PrinterClassDevice.o
                                                  obj/MIDIClassDevice.o
                                                  obj/CDCClassDevice.o
                                                  obj/EndpointStream_AVR8.o
Endpoint_Write_Control_EStream_BE                 obj/EndpointStream_AVR8.o
Endpoint_Write_Control_EStream_LE                 obj/EndpointStream_AVR8.o
Endpoint_Write_Control_PStream_BE                 obj/EndpointStream_AVR8.o
Endpoint_Write_Control_PStream_LE                 obj/EndpointStream_AVR8.o
                                                  obj/DeviceStandardReq.o
Endpoint_Write_Control_Stream_BE                  obj/EndpointStream_AVR8.o
Endpoint_Write_Control_Stream_LE                  obj/EndpointStream_AVR8.o
                                                  obj/RNDISClassDevice.o
                                                  obj/PrinterClassDevice.o
                                                  obj/HIDClassDevice.o
                                                  obj/AudioClassDevice.o
                                                  obj/DeviceStandardReq.o
Endpoint_Write_EStream_BE                         obj/EndpointStream_AVR8.o
Endpoint_Write_EStream_LE                         obj/EndpointStream_AVR8.o
Endpoint_Write_PStream_BE                         obj/EndpointStream_AVR8.o
Endpoint_Write_PStream_LE                         obj/EndpointStream_AVR8.o
                                                  obj/CDCClassDevice.o
Endpoint_Write_Stream_BE                          obj/EndpointStream_AVR8.o
Endpoint_Write_Stream_LE                          obj/EndpointStream_AVR8.o
                                                  obj/RNDISClassDevice.o
                                                  obj/PrinterClassDevice.o
                                                  obj/MIDIClassDevice.o
                                                  obj/MassStorageClassDevice.o
                                                  obj/HIDClassDevice.o
                                                  obj/CDCClassDevice.o
                                                  obj/CCIDClassDevice.o
HID_Device_ConfigureEndpoints                     obj/HIDClassDevice.o
                                                  obj/dkmain.o
HID_Device_ProcessControlRequest                  obj/HIDClassDevice.o
                                                  obj/dkmain.o
HID_Device_USBTask                                obj/HIDClassDevice.o
                                                  obj/dkmain.o
INIT_SSD1306                                      obj/ssd1306.o
JoystickReport                                    obj/descriptors.o
Joystick_HID_Interface                            obj/dkmain.o
LanguageString                                    obj/descriptors.o
MIDI_Device_ConfigureEndpoints                    obj/MIDIClassDevice.o
MIDI_Device_Flush                                 obj/MIDIClassDevice.o
MIDI_Device_ReceiveEventPacket                    obj/MIDIClassDevice.o
MIDI_Device_SendEventPacket                       obj/MIDIClassDevice.o
MIDI_Device_USBTask                               obj/MIDIClassDevice.o
MS_Device_ConfigureEndpoints                      obj/MassStorageClassDevice.o
MS_Device_ProcessControlRequest                   obj/MassStorageClassDevice.o
MS_Device_USBTask                                 obj/MassStorageClassDevice.o
ManufacturerString                                obj/descriptors.o
PRNT_Device_BytesReceived                         obj/PrinterClassDevice.o
PRNT_Device_ConfigureEndpoints                    obj/PrinterClassDevice.o
PRNT_Device_CreateBlockingStream                  obj/PrinterClassDevice.o
PRNT_Device_CreateStream                          obj/PrinterClassDevice.o
PRNT_Device_Event_Stub                            obj/PrinterClassDevice.o
PRNT_Device_Flush                                 obj/PrinterClassDevice.o
PRNT_Device_ProcessControlRequest                 obj/PrinterClassDevice.o
PRNT_Device_ReceiveByte                           obj/PrinterClassDevice.o
PRNT_Device_SendByte                              obj/PrinterClassDevice.o
PRNT_Device_SendData                              obj/PrinterClassDevice.o
PRNT_Device_SendString                            obj/PrinterClassDevice.o
PRNT_Device_USBTask                               obj/PrinterClassDevice.o
ProductString                                     obj/descriptors.o
RNDIS_Device_ConfigureEndpoints                   obj/RNDISClassDevice.o
RNDIS_Device_IsPacketReceived                     obj/RNDISClassDevice.o
RNDIS_Device_ProcessControlRequest                obj/RNDISClassDevice.o
RNDIS_Device_ReadPacket                           obj/RNDISClassDevice.o
RNDIS_Device_SendPacket                           obj/RNDISClassDevice.o
RNDIS_Device_USBTask                              obj/RNDISClassDevice.o
SSD1306_ClearScreen                               obj/ssd1306.o
                                                  obj/dkmain.o
SSD1306_DrawChar                                  obj/ssd1306.o
                                                  obj/dkmain.o
SSD1306_DrawLine                                  obj/ssd1306.o
                                                  obj/dkmain.o
SSD1306_DrawPixel                                 obj/ssd1306.o
SSD1306_DrawString                                obj/ssd1306.o
                                                  obj/dkmain.o
SSD1306_Init                                      obj/ssd1306.o
                                                  obj/dkmain.o
SSD1306_InverseScreen                             obj/ssd1306.o
SSD1306_NormalScreen                              obj/ssd1306.o
SSD1306_Send_Command                              obj/ssd1306.o
SSD1306_Send_StartAndSLAW                         obj/ssd1306.o
SSD1306_SetPosition                               obj/ssd1306.o
                                                  obj/dkmain.o
SSD1306_UpdatePosition                            obj/ssd1306.o
SSD1306_UpdateScreen                              obj/ssd1306.o
                                                  obj/dkmain.o
TWI_Init                                          obj/twi.o
                                                  obj/ssd1306.o
TWI_MR_Send_SLAR                                  obj/twi.o
TWI_MT_Send_Data                                  obj/twi.o
                                                  obj/ssd1306.o
TWI_MT_Send_SLAW                                  obj/twi.o
                                                  obj/ssd1306.o
TWI_MT_Start                                      obj/twi.o
                                                  obj/ssd1306.o
TWI_Stop                                          obj/twi.o
                                                  obj/ssd1306.o
USB_ControlRequest                                obj/USBTask.o
                                                  obj/RNDISClassDevice.o
                                                  obj/PrinterClassDevice.o
                                                  obj/MassStorageClassDevice.o
                                                  obj/HIDClassDevice.o
                                                  obj/CDCClassDevice.o
                                                  obj/CCIDClassDevice.o
                                                  obj/AudioClassDevice.o
                                                  obj/DeviceStandardReq.o
                                                  obj/Endpoint_AVR8.o
                                                  obj/EndpointStream_AVR8.o
USB_DeviceState                                   obj/USBTask.o
                                                  obj/RNDISClassDevice.o
                                                  obj/PrinterClassDevice.o
                                                  obj/MIDIClassDevice.o
                                                  obj/MassStorageClassDevice.o
                                                  obj/HIDClassDevice.o
                                                  obj/CDCClassDevice.o
                                                  obj/DeviceStandardReq.o
                                                  obj/USBInterrupt_AVR8.o
                                                  obj/USBController_AVR8.o
                                                  obj/Endpoint_AVR8.o
                                                  obj/EndpointStream_AVR8.o
USB_Device_ConfigurationNumber                    obj/DeviceStandardReq.o
                                                  obj/USBInterrupt_AVR8.o
                                                  obj/USBController_AVR8.o
USB_Device_CurrentlySelfPowered                   obj/DeviceStandardReq.o
                                                  obj/USBController_AVR8.o
USB_Device_ProcessControlRequest                  obj/DeviceStandardReq.o
                                                  obj/USBTask.o
USB_Device_RemoteWakeupEnabled                    obj/DeviceStandardReq.o
                                                  obj/USBController_AVR8.o
USB_Device_SendRemoteWakeup                       obj/Device_AVR8.o
USB_Disable                                       obj/USBController_AVR8.o
USB_Event_Stub                                    obj/Events.o
USB_Event_Stub_2                                  obj/Events.o
USB_Event_Stub_3                                  obj/Events.o
USB_GetHIDReportItemInfo                          obj/HIDParser.o
USB_GetHIDReportSize                              obj/HIDParser.o
USB_GetNextDescriptorComp                         obj/ConfigDescriptors.o
USB_GetNextDescriptorOfType                       obj/ConfigDescriptors.o
USB_GetNextDescriptorOfTypeAfter                  obj/ConfigDescriptors.o
USB_GetNextDescriptorOfTypeBefore                 obj/ConfigDescriptors.o
USB_INT_ClearAllInterrupts                        obj/USBInterrupt_AVR8.o
                                                  obj/USBController_AVR8.o
USB_INT_DisableAllInterrupts                      obj/USBInterrupt_AVR8.o
                                                  obj/USBController_AVR8.o
USB_Init                                          obj/USBController_AVR8.o
                                                  obj/dkmain.o
USB_IsInitialized                                 obj/USBTask.o
                                                  obj/USBController_AVR8.o
USB_ProcessHIDReport                              obj/HIDParser.o
USB_ResetInterface                                obj/USBController_AVR8.o
USB_SetHIDReportItemInfo                          obj/HIDParser.o
USB_USBTask                                       obj/USBTask.o
                                                  obj/PrinterClassDevice.o
                                                  obj/MassStorageClassDevice.o
                                                  obj/CDCClassDevice.o
                                                  obj/EndpointStream_AVR8.o
                                                  obj/dkmain.o
__DATA_REGION_LENGTH__                            /usr/lib/gcc/avr/5.4.0/../../../avr/lib/avr5/crtatmega32u4.o
__DATA_REGION_ORIGIN__                            /usr/lib/gcc/avr/5.4.0/../../../avr/lib/avr5/crtatmega32u4.o
__EEPROM_REGION_LENGTH__                          /usr/lib/gcc/avr/5.4.0/../../../avr/lib/avr5/crtatmega32u4.o
__FUSE_REGION_LENGTH__                            /usr/lib/gcc/avr/5.4.0/../../../avr/lib/avr5/crtatmega32u4.o
__TEXT_REGION_LENGTH__                            /usr/lib/gcc/avr/5.4.0/../../../avr/lib/avr5/crtatmega32u4.o
__bad_interrupt                                   /usr/lib/gcc/avr/5.4.0/../../../avr/lib/avr5/crtatmega32u4.o
__bss_end                                         /usr/lib/gcc/avr/5.4.0/avr5/libgcc.a(_clear_bss.o)
__bss_start                                       /usr/lib/gcc/avr/5.4.0/avr5/libgcc.a(_clear_bss.o)
__data_end                                        /usr/lib/gcc/avr/5.4.0/avr5/libgcc.a(_copy_data.o)
__data_load_start                                 /usr/lib/gcc/avr/5.4.0/avr5/libgcc.a(_copy_data.o)
__data_start                                      /usr/lib/gcc/avr/5.4.0/avr5/libgcc.a(_copy_data.o)
__do_clear_bss                                    /usr/lib/gcc/avr/5.4.0/avr5/libgcc.a(_clear_bss.o)
                                                  obj/ssd1306.o
                                                  obj/USBTask.o
                                                  obj/DeviceStandardReq.o
                                                  obj/dkmain.o
__do_copy_data                                    /usr/lib/gcc/avr/5.4.0/avr5/libgcc.a(_copy_data.o)
                                                  obj/RNDISClassDevice.o
                                                  obj/CDCClassDevice.o
                                                  obj/dkmain.o
__epilogue_restores__                             /usr/lib/gcc/avr/5.4.0/avr5/libgcc.a(_epilogue.o)
                                                  /usr/lib/gcc/avr/5.4.0/../../../avr/lib/avr5/libc.a(vfprintf_std.o)
                                                  /usr/lib/gcc/avr/5.4.0/../../../avr/lib/avr5/libc.a(sprintf.o)
__heap_end                                        /usr/lib/gcc/avr/5.4.0/../../../avr/lib/avr5/crtatmega32u4.o
__init                                            /usr/lib/gcc/avr/5.4.0/../../../avr/lib/avr5/crtatmega32u4.o
__prologue_saves__                                /usr/lib/gcc/avr/5.4.0/avr5/libgcc.a(_prologue.o)
                                                  /usr/lib/gcc/avr/5.4.0/../../../avr/lib/avr5/libc.a(vfprintf_std.o)
                                                  /usr/lib/gcc/avr/5.4.0/../../../avr/lib/avr5/libc.a(sprintf.o)
__stack                                           /usr/lib/gcc/avr/5.4.0/../../../avr/lib/avr5/crtatmega32u4.o
__strlen_P                                        /usr/lib/gcc/avr/5.4.0/../../../avr/lib/avr5/libc.a(strlen_P.o)
                                                  obj/CDCClassDevice.o
__ultoa_invert                                    /usr/lib/gcc/avr/5.4.0/../../../avr/lib/avr5/libc.a(ultoa_invert.o)
                                                  /usr/lib/gcc/avr/5.4.0/../../../avr/lib/avr5/libc.a(vfprintf_std.o)
__vector_1                                        /usr/lib/gcc/avr/5.4.0/../../../avr/lib/avr5/crtatmega32u4.o
__vector_10                                       obj/USBInterrupt_AVR8.o
                                                  /usr/lib/gcc/avr/5.4.0/../../../avr/lib/avr5/crtatmega32u4.o
__vector_11                                       /usr/lib/gcc/avr/5.4.0/../../../avr/lib/avr5/crtatmega32u4.o
__vector_12                                       /usr/lib/gcc/avr/5.4.0/../../../avr/lib/avr5/crtatmega32u4.o
__vector_13                                       /usr/lib/gcc/avr/5.4.0/../../../avr/lib/avr5/crtatmega32u4.o
__vector_14                                       /usr/lib/gcc/avr/5.4.0/../../../avr/lib/avr5/crtatmega32u4.o
__vector_15                                       /usr/lib/gcc/avr/5.4.0/../../../avr/lib/avr5/crtatmega32u4.o
__vector_16                                       /usr/lib/gcc/avr/5.4.0/../../../avr/lib/avr5/crtatmega32u4.o
__vector_17                                       /usr/lib/gcc/avr/5.4.0/../../../avr/lib/avr5/crtatmega32u4.o
__vector_18                                       /usr/lib/gcc/avr/5.4.0/../../../avr/lib/avr5/crtatmega32u4.o
__vector_19                                       /usr/lib/gcc/avr/5.4.0/../../../avr/lib/avr5/crtatmega32u4.o
__vector_2                                        /usr/lib/gcc/avr/5.4.0/../../../avr/lib/avr5/crtatmega32u4.o
__vector_20                                       /usr/lib/gcc/avr/5.4.0/../../../avr/lib/avr5/crtatmega32u4.o
__vector_21                                       /usr/lib/gcc/avr/5.4.0/../../../avr/lib/avr5/crtatmega32u4.o
__vector_22                                       /usr/lib/gcc/avr/5.4.0/../../../avr/lib/avr5/crtatmega32u4.o
__vector_23                                       /usr/lib/gcc/avr/5.4.0/../../../avr/lib/avr5/crtatmega32u4.o
__vector_24                                       /usr/lib/gcc/avr/5.4.0/../../../avr/lib/avr5/crtatmega32u4.o
__vector_25                                       /usr/lib/gcc/avr/5.4.0/../../../avr/lib/avr5/crtatmega32u4.o
__vector_26                                       /usr/lib/gcc/avr/5.4.0/../../../avr/lib/avr5/crtatmega32u4.o
__vector_27                                       /usr/lib/gcc/avr/5.4.0/../../../avr/lib/avr5/crtatmega32u4.o
__vector_28                                       /usr/lib/gcc/avr/5.4.0/../../../avr/lib/avr5/crtatmega32u4.o
__vector_29                                       /usr/lib/gcc/avr/5.4.0/../../../avr/lib/avr5/crtatmega32u4.o
__vector_3                                        /usr/lib/gcc/avr/5.4.0/../../../avr/lib/avr5/crtatmega32u4.o
__vector_30                                       /usr/lib/gcc/avr/5.4.0/../../../avr/lib/avr5/crtatmega32u4.o
__vector_31                                       /usr/lib/gcc/avr/5.4.0/../../../avr/lib/avr5/crtatmega32u4.o
__vector_32                                       /usr/lib/gcc/avr/5.4.0/../../../avr/lib/avr5/crtatmega32u4.o
__vector_33                                       /usr/lib/gcc/avr/5.4.0/../../../avr/lib/avr5/crtatmega32u4.o
__vector_34                                       /usr/lib/gcc/avr/5.4.0/../../../avr/lib/avr5/crtatmega32u4.o
__vector_35                                       /usr/lib/gcc/avr/5.4.0/../../../avr/lib/avr5/crtatmega32u4.o
__vector_36                                       /usr/lib/gcc/avr/5.4.0/../../../avr/lib/avr5/crtatmega32u4.o
__vector_37                                       /usr/lib/gcc/avr/5.4.0/../../../avr/lib/avr5/crtatmega32u4.o
__vector_38                                       /usr/lib/gcc/avr/5.4.0/../../../avr/lib/avr5/crtatmega32u4.o
__vector_39                                       /usr/lib/gcc/avr/5.4.0/../../../avr/lib/avr5/crtatmega32u4.o
__vector_4                                        /usr/lib/gcc/avr/5.4.0/../../../avr/lib/avr5/crtatmega32u4.o
__vector_40                                       /usr/lib/gcc/avr/5.4.0/../../../avr/lib/avr5/crtatmega32u4.o
__vector_41                                       /usr/lib/gcc/avr/5.4.0/../../../avr/lib/avr5/crtatmega32u4.o
__vector_42                                       /usr/lib/gcc/avr/5.4.0/../../../avr/lib/avr5/crtatmega32u4.o
__vector_5                                        /usr/lib/gcc/avr/5.4.0/../../../avr/lib/avr5/crtatmega32u4.o
__vector_6                                        /usr/lib/gcc/avr/5.4.0/../../../avr/lib/avr5/crtatmega32u4.o
__vector_7                                        /usr/lib/gcc/avr/5.4.0/../../../avr/lib/avr5/crtatmega32u4.o
__vector_8                                        /usr/lib/gcc/avr/5.4.0/../../../avr/lib/avr5/crtatmega32u4.o
__vector_9                                        /usr/lib/gcc/avr/5.4.0/../../../avr/lib/avr5/crtatmega32u4.o
__vector_default                                  /usr/lib/gcc/avr/5.4.0/../../../avr/lib/avr5/crtatmega32u4.o
__vectors                                         /usr/lib/gcc/avr/5.4.0/../../../avr/lib/avr5/crtatmega32u4.o
_counter                                          obj/ssd1306.o
                                                  obj/dkmain.o
_exit                                             /usr/lib/gcc/avr/5.4.0/avr5/libgcc.a(_exit.o)
adc_init                                          obj/dkmain.o
adc_read                                          obj/dkmain.o
calulate_gear_position                            obj/dkmain.o
current_gear                                      obj/dkmain.o
display_ascii_font                                obj/dkmain.o
display_dbg_data                                  obj/dkmain.o
display_dbg_header                                obj/dkmain.o
eeprom_read_byte                                  /usr/lib/gcc/avr/5.4.0/../../../avr/lib/avr5/libatmega32u4.a(eerd_byte.o)
                                                  obj/EndpointStream_AVR8.o
eeprom_update_byte                                /usr/lib/gcc/avr/5.4.0/../../../avr/lib/avr5/libatmega32u4.a(eeupd_byte.o)
                                                  obj/EndpointStream_AVR8.o
eeprom_update_r18                                 /usr/lib/gcc/avr/5.4.0/../../../avr/lib/avr5/libatmega32u4.a(eeupd_byte.o)
exit                                              /usr/lib/gcc/avr/5.4.0/avr5/libgcc.a(_exit.o)
                                                  /usr/lib/gcc/avr/5.4.0/../../../avr/lib/avr5/crtatmega32u4.o
fputc                                             /usr/lib/gcc/avr/5.4.0/../../../avr/lib/avr5/libc.a(fputc.o)
                                                  /usr/lib/gcc/avr/5.4.0/../../../avr/lib/avr5/libc.a(vfprintf_std.o)
gear_string                                       obj/dkmain.o
get_reverse_state                                 obj/dkmain.o
gpio_init                                         obj/dkmain.o
init_usb                                          obj/dkmain.o
main                                              obj/dkmain.o
                                                  /usr/lib/gcc/avr/5.4.0/../../../avr/lib/avr5/crtatmega32u4.o
memcmp                                            /usr/lib/gcc/avr/5.4.0/../../../avr/lib/avr5/libc.a(memcmp.o)
                                                  obj/HIDClassDevice.o
memcpy                                            /usr/lib/gcc/avr/5.4.0/../../../avr/lib/avr5/libc.a(memcpy.o)
                                                  obj/RNDISClassDevice.o
                                                  obj/HIDClassDevice.o
memcpy_P                                          /usr/lib/gcc/avr/5.4.0/../../../avr/lib/avr5/libc.a(memcpy_P.o)
                                                  obj/RNDISClassDevice.o
memset                                            /usr/lib/gcc/avr/5.4.0/../../../avr/lib/avr5/libc.a(memset.o)
                                                  obj/HIDClassDevice.o
reverse_gear                                      obj/dkmain.o
sprintf                                           /usr/lib/gcc/avr/5.4.0/../../../avr/lib/avr5/libc.a(sprintf.o)
                                                  obj/dkmain.o
ssd1306_addr                                      obj/dkmain.o
strnlen                                           /usr/lib/gcc/avr/5.4.0/../../../avr/lib/avr5/libc.a(strnlen.o)
                                                  /usr/lib/gcc/avr/5.4.0/../../../avr/lib/avr5/libc.a(vfprintf_std.o)
strnlen_P                                         /usr/lib/gcc/avr/5.4.0/../../../avr/lib/avr5/libc.a(strnlen_P.o)
                                                  /usr/lib/gcc/avr/5.4.0/../../../avr/lib/avr5/libc.a(vfprintf_std.o)
test_adc_value_x                                  obj/dkmain.o
test_adc_value_y                                  obj/dkmain.o
usb_connected                                     obj/dkmain.o
vfprintf                                          /usr/lib/gcc/avr/5.4.0/../../../avr/lib/avr5/libc.a(vfprintf_std.o)
                                                  /usr/lib/gcc/avr/5.4.0/../../../avr/lib/avr5/libc.a(sprintf.o)
xaxis_value                                       obj/dkmain.o
yaxis_value                                       obj/dkmain.o
